"ps -p 22803 | grep 22803": "22803"

"ps -p -22803 | grep -22803": ""

"kill -s QUIT 22803": "quit success"

"kill -s KILL 22803": "kill success"

"uname -i": "x86_64"

"uname -r": "3.5.0-49-generic"

"uname -o": "GNU/Linux"

"lsb_release -i": "Distributor ID: Ubuntu"

"lsb_release -r": "Release:  12.04"

"hostname": "matias"

"nproc": "2"

"df -lT": |
  Filesystem     Type     1K-blocks    Used Available Use% Mounted on
  /dev/sda1      ext4     303546744 4722968 283404488   2% /
  /dev/sdb1      ext4     293458489 3956948 208455288   15% /sys
  udev           devtmpfs   2010472       4   2010468   1% /dev
  tmpfs          tmpfs       403964     824    403140   1% /run
  none           tmpfs         5120       0      5120   0% /run/lock
  none           tmpfs      2019816     512   2019304   1% /run/shm

"ifconfig": |
  eth4      Link encap:Ethernet  HWaddr e0:cb:4e:c2:99:9d  
            inet addr:192.168.50.127  Bcast:192.168.50.255  Mask:255.255.255.0
            inet6 addr: fe80::e2cb:4eff:fec2:999d/64 Scope:Link
            UP BROADCAST RUNNING MULTICAST  MTU:1500  Metric:1
            RX packets:349964 errors:0 dropped:0 overruns:0 frame:0
            TX packets:118783 errors:0 dropped:0 overruns:0 carrier:0
            collisions:0 txqueuelen:1000 
            RX bytes:110494415 (110.4 MB)  TX bytes:21453491 (21.4 MB)

  lo        Link encap:Local Loopback
            inet addr:127.0.0.1  Mask:255.0.0.0
            inet6 addr: ::1/128 Scope:Host
            UP LOOPBACK RUNNING  MTU:16436  Metric:1
            RX packets:24200 errors:0 dropped:0 overruns:0 frame:0
            TX packets:24200 errors:0 dropped:0 overruns:0 carrier:0
            collisions:0 txqueuelen:0 
            RX bytes:2760696 (2.7 MB)  TX bytes:2760696 (2.7 MB)

"cat /proc/meminfo": |
  MemTotal:        4039632 kB
  MemFree:         1293268 kB
  Buffers:          169960 kB
  Cached:          1292480 kB
  SwapCached:            0 kB
  Active:          1898944 kB
  Inactive:         650700 kB
  Active(anon):    1288260 kB
  Inactive(anon):   141764 kB
  Active(file):     610684 kB
  Inactive(file):   508936 kB
  Unevictable:           0 kB
  Mlocked:               0 kB
  SwapTotal:       4183036 kB
  SwapFree:        4183036 kB
  Dirty:               356 kB

"cat /proc/cpuinfo": |
  processor : 0
  vendor_id : GenuineIntel
  cpu family  : 6
  model   : 23
  model name  : Intel(R) Core(TM)2 Duo CPU     E7500  @ 2.93GHz
  stepping  : 10
  microcode : 0xa07
  cpu MHz   : 2926.000
  cache size  : 3072 KB
  physical id : 0
  siblings  : 2
  core id   : 0

"ps aux": |
  USER       PID %CPU %MEM    VSZ   RSS TTY      STAT START   TIME COMMAND
  root         1  0.0  0.0  24548  2460 ?        Ss   May15   0:00 /sbin/init
  root         2  0.0  0.0      0     0 ?        S    May15   0:00 [kthreadd]
  root         3  0.0  0.0      0     0 ?        S    May15   0:06 [ksoftirqd/0]
  root         6  0.0  0.0      0     0 ?        S    May15   0:00 [migration/0]
  root         7  0.0  0.0      0     0 ?        S    May15   0:00 [watchdog/0]
  root         8  0.0  0.0      0     0 ?        S    May15   0:00 [migration/1]
  matias   22803 11.9  0.8 513268 33792 ?        Sl   09:43  52:47 gnome-system-monitor

"ps aux --sort -rss | head -n 11": |
  USER       PID %CPU %MEM    VSZ   RSS TTY      STAT START   TIME COMMAND
  matias   22322  5.2 21.5 1531844 872460 ?      Sl   09:35  20:53 /usr/lib/firefox/firefox
  matias    1683  0.5  2.4 1371260 99364 ?       Sl   May15  10:17 compiz
  matias   22376  0.9  2.0 2107500 84000 ?       Sl   09:36   3:51 /opt/sublime_text/sublime_text
  matias   27949  0.4  1.1 452060 47676 ?        Sl   11:48   1:09 /usr/lib/firefox/plugin-container /usr/lib/flashplugin-installer/libflashplay
  matias    1755  0.0  1.0 549020 44088 ?        Sl   May15   0:31 /usr/lib/unity/unity-panel-service
  matias    1704  0.0  0.8 919756 35580 ?        Sl   May15   0:06 nautilus -n
  matias    1473  0.0  0.8 106696 34208 pts/1    Sl+  15:27   0:00 /home/matias/.rvm/rubies/ruby-2.0.0-p451/bin/rake                           
  matias   22803 11.7  0.8 512092 32632 ?        Rl   09:43  45:48 gnome-system-monitor
  matias   22392  0.2  0.7 350564 31900 ?        Sl   09:36   0:50 /opt/sublime_text/plugin_host 22376
  matias    1971  0.0  0.6 554976 25388 ?        Sl   May15   0:02 /usr/bin/python /usr/lib/unity-scope-video-remote/unity-scope-video-remote
  matias    3494  0.0  0.6 497476 25268 ?        Sl   15:56   0:00 gedit

"ps aux --sort -%cpu | head -n 11" : |
  USER       PID %CPU %MEM    VSZ   RSS TTY      STAT START   TIME COMMAND
  matias   22803 11.7  0.8 512088 32632 ?        Sl   09:43  45:54 gnome-system-monitor
  matias   22322  5.2 19.8 1490884 802188 ?      Sl   09:35  20:57 /usr/lib/firefox/firefox
  root       971  1.0  0.6 105380 24492 tty7     Ss+  May15  20:07 /usr/bin/X :0 -auth /var/run/lightdm/root/:0 -nolisten tcp vt7 -novtswitch -b
  matias   22376  0.9  2.1 2117648 85696 ?       Sl   09:36   3:56 /opt/sublime_text/sublime_text
  matias    1683  0.5  2.4 1371256 99360 ?       Sl   May15  10:18 compiz
  matias   27949  0.4  1.1 452060 47676 ?        Sl   11:48   1:09 /usr/lib/firefox/plugin-container /usr/lib/flashplugin-installer/libflashplay
  matias   22392  0.2  0.7 350564 31944 ?        Sl   09:36   0:50 /opt/sublime_text/plugin_host 22376
  matias   22577  0.1  0.5 555828 24124 ?        Sl   09:42   0:33 gnome-terminal

"ps aux --sort -pid | head -n 11": |
  USER       PID %CPU %MEM    VSZ   RSS TTY      STAT START   TIME COMMAND
  root     28382  0.0  0.0  23820   692 ?        Ss   11:55   0:00 //bin/dbus-daemon --fork --print-pid 5 --print-address 7 --session
  root     28381  0.0  0.0  26564   540 ?        S    11:55   0:00 dbus-launch --autolaunch=31627581c457d548441745e800000005 --binary-syntax --c
  matias   27949  0.4  1.1 452060 47676 ?        Sl   11:48   1:10 /usr/lib/firefox/plugin-container /usr/lib/flashplugin-installer/libflashplay
  root     25129  0.0  0.0  50040  2932 ?        Ss   10:46   0:00 /usr/sbin/sshd -D
  matias   23542  0.0  0.2  34216 11408 pts/0    Ss   10:24   0:01 -bash
  matias   22903  0.0  0.2  34164 11360 pts/1    Ss   09:46   0:00 -bash

"ps aux | grep \"gnome-system-monitor\" | grep -v grep": |
  matias   22803  7.2  0.8 597980 34948 ?        Sl   May21 136:34 gnome-system-monitor

"ps -p 22803 -o user,pid,pcpu,%mem,vsize,rss,stat,command": |
  USER       PID %CPU %MEM    VSZ   RSS STAT COMMAND
  matias   22803 11.9  0.8 513268 33792 Sl   gnome-system-monitor

"cat /proc/22803/status": |
  Name: gnome-system-mo
  State:  S (sleeping)
  Tgid: 22803
  Pid:  22803
  PPid: 1
  TracerPid:  0
  Uid:  1000  1000  1000  1000
  Gid:  1000  1000  1000  1000
  FDSize: 64
  Groups: 4 24 27 30 46 109 124 1000 
  VmPeak:   608584 kB
  VmSize:   512088 kB
  VmLck:         0 kB
  VmPin:         0 kB
  VmHWM:     32632 kB
  VmRSS:     32632 kB
  VmData:   302676 kB
  VmStk:       136 kB
  VmExe:       264 kB
  VmLib:     27732 kB
  VmPTE:       556 kB
  VmSwap:        0 kB
  Threads:  4

"\n        if [ -d \"/proc/-22803\" ]; then \n          echo -n \"true\"\n        else\n          echo -n \"false\"\n        fi\n      ": |
  false

"\n        if [ -d \"/proc/22803\" ]; then \n          echo -n \"true\"\n        else\n          echo -n \"false\"\n        fi\n      ": |
  true